2025-07-10 13:42:25,289 src.masks INFO: принимам номер карты и переводим его в вид строки
2025-07-10 13:42:25,289 src.masks INFO: проверяем количество символов
2025-07-10 13:42:25,289 src.masks INFO: маскируем номер карты
2025-07-10 13:42:25,289 src.masks DEBUG: возвращаем получившийся результат
2025-07-10 13:42:25,290 src.masks INFO: принимам номер карты и переводим его в вид строки
2025-07-10 13:42:25,290 src.masks INFO: проверяем количество символов
2025-07-10 13:42:25,290 src.masks CRITICAL: Введено недостаточно символов
2025-07-10 13:42:25,290 src.masks INFO: принимам номер карты и переводим его в вид строки
2025-07-10 13:42:25,290 src.masks INFO: проверяем количество символов
2025-07-10 13:42:25,290 src.masks CRITICAL: Введено слишком много символов
2025-07-10 13:42:25,291 src.masks INFO: принимам номер карты и переводим его в вид строки
2025-07-10 13:42:25,291 src.masks INFO: проверяем количество символов
2025-07-10 13:42:25,291 src.masks CRITICAL: Номер карты не введен
2025-07-10 13:42:25,292 src.masks INFO: принимам номер карты и переводим его в вид строки
2025-07-10 13:42:25,292 src.masks INFO: проверяем количество символов
2025-07-10 13:42:25,292 src.masks INFO: маскируем номер карты
2025-07-10 13:42:25,292 src.masks DEBUG: возвращаем получившийся результат
2025-07-10 13:42:25,293 src.masks INFO: принимам номер карты и переводим его в вид строки
2025-07-10 13:42:25,293 src.masks INFO: проверяем количество символов
2025-07-10 13:42:25,293 src.masks CRITICAL: Введено недостаточно символов
2025-07-10 13:42:25,293 src.masks INFO: принимам номер карты и переводим его в вид строки
2025-07-10 13:42:25,293 src.masks INFO: проверяем количество символов
2025-07-10 13:42:25,293 src.masks CRITICAL: Введено слишком много символов
2025-07-10 13:42:25,294 src.masks INFO: принимам номер карты и переводим его в вид строки
2025-07-10 13:42:25,294 src.masks INFO: проверяем количество символов
2025-07-10 13:42:25,294 src.masks CRITICAL: Номер счета не введен
2025-07-10 13:42:25,337 src.utils DEBUG: приняли путь к файлу
2025-07-10 13:42:25,337 src.utils DEBUG: проверяем наличие файла
2025-07-10 13:42:25,337 src.utils DEBUG: проверяем наличие содерживого в файле
2025-07-10 13:42:25,337 src.utils DEBUG: извлекаем список транзакций из jsonfile и возвращаем результат
2025-07-10 13:42:25,337 src.utils DEBUG: приняли путь к файлу
2025-07-10 13:42:25,337 src.utils WARNING: файл не найден возвращаем пустой список
2025-07-10 13:42:25,340 src.utils DEBUG: проверяем в какой валюте была произведена транзакция
2025-07-10 13:42:25,340 src.utils DEBUG: конвертируем валюты в рубли с помощью функции conversion, передаем ей сумму и сод валюты
2025-07-10 13:42:25,340 src.external_api DEBUG: создаем параметры API-запроса
2025-07-10 13:42:25,340 src.external_api DEBUG: делаем запрос, получаем конвертируемую в рубли сумму и возвращаем её
2025-07-10 13:42:25,342 src.masks INFO: принимам номер карты и переводим его в вид строки
2025-07-10 13:42:25,342 src.masks INFO: проверяем количество символов
2025-07-10 13:42:25,342 src.masks INFO: маскируем номер карты
2025-07-10 13:42:25,342 src.masks DEBUG: возвращаем получившийся результат
2025-07-10 13:42:25,343 src.masks INFO: принимам номер карты и переводим его в вид строки
2025-07-10 13:42:25,343 src.masks INFO: проверяем количество символов
2025-07-10 13:42:25,343 src.masks INFO: маскируем номер карты
2025-07-10 13:42:25,343 src.masks DEBUG: возвращаем получившийся результат
2025-07-10 13:42:58,715 src.masks INFO: принимам номер карты и переводим его в вид строки
2025-07-10 13:42:58,715 src.masks INFO: проверяем количество символов
2025-07-10 13:42:58,715 src.masks INFO: маскируем номер карты
2025-07-10 13:42:58,715 src.masks DEBUG: возвращаем получившийся результат
2025-07-10 13:42:58,716 src.masks INFO: принимам номер карты и переводим его в вид строки
2025-07-10 13:42:58,716 src.masks INFO: проверяем количество символов
2025-07-10 13:42:58,716 src.masks CRITICAL: Введено недостаточно символов
2025-07-10 13:42:58,717 src.masks INFO: принимам номер карты и переводим его в вид строки
2025-07-10 13:42:58,717 src.masks INFO: проверяем количество символов
2025-07-10 13:42:58,717 src.masks CRITICAL: Введено слишком много символов
2025-07-10 13:42:58,717 src.masks INFO: принимам номер карты и переводим его в вид строки
2025-07-10 13:42:58,717 src.masks INFO: проверяем количество символов
2025-07-10 13:42:58,717 src.masks CRITICAL: Номер карты не введен
2025-07-10 13:42:58,718 src.masks INFO: принимам номер карты и переводим его в вид строки
2025-07-10 13:42:58,718 src.masks INFO: проверяем количество символов
2025-07-10 13:42:58,718 src.masks INFO: маскируем номер карты
2025-07-10 13:42:58,718 src.masks DEBUG: возвращаем получившийся результат
2025-07-10 13:42:58,719 src.masks INFO: принимам номер карты и переводим его в вид строки
2025-07-10 13:42:58,719 src.masks INFO: проверяем количество символов
2025-07-10 13:42:58,719 src.masks CRITICAL: Введено недостаточно символов
2025-07-10 13:42:58,719 src.masks INFO: принимам номер карты и переводим его в вид строки
2025-07-10 13:42:58,719 src.masks INFO: проверяем количество символов
2025-07-10 13:42:58,719 src.masks CRITICAL: Введено слишком много символов
2025-07-10 13:42:58,720 src.masks INFO: принимам номер карты и переводим его в вид строки
2025-07-10 13:42:58,720 src.masks INFO: проверяем количество символов
2025-07-10 13:42:58,720 src.masks CRITICAL: Номер счета не введен
2025-07-10 13:42:58,762 src.utils DEBUG: приняли путь к файлу
2025-07-10 13:42:58,762 src.utils DEBUG: проверяем наличие файла
2025-07-10 13:42:58,762 src.utils DEBUG: проверяем наличие содерживого в файле
2025-07-10 13:42:58,762 src.utils DEBUG: извлекаем список транзакций из jsonfile и возвращаем результат
2025-07-10 13:42:58,762 src.utils DEBUG: приняли путь к файлу
2025-07-10 13:42:58,762 src.utils WARNING: файл не найден возвращаем пустой список
2025-07-10 13:42:58,765 src.utils DEBUG: проверяем в какой валюте была произведена транзакция
2025-07-10 13:42:58,765 src.utils DEBUG: конвертируем валюты в рубли с помощью функции conversion, передаем ей сумму и сод валюты
2025-07-10 13:42:58,765 src.external_api DEBUG: создаем параметры API-запроса
2025-07-10 13:42:58,765 src.external_api DEBUG: делаем запрос, получаем конвертируемую в рубли сумму и возвращаем её
2025-07-10 13:42:58,767 src.masks INFO: принимам номер карты и переводим его в вид строки
2025-07-10 13:42:58,767 src.masks INFO: проверяем количество символов
2025-07-10 13:42:58,767 src.masks INFO: маскируем номер карты
2025-07-10 13:42:58,767 src.masks DEBUG: возвращаем получившийся результат
2025-07-10 13:42:58,767 src.masks INFO: принимам номер карты и переводим его в вид строки
2025-07-10 13:42:58,767 src.masks INFO: проверяем количество символов
2025-07-10 13:42:58,767 src.masks INFO: маскируем номер карты
2025-07-10 13:42:58,768 src.masks DEBUG: возвращаем получившийся результат
